 ============================>     TALLY 1     <============================

 Cell 1
   Total Material
     Flux                                 7.63981 +/- 0
